// Jest Snapshot v1, https://goo.gl/fbAQLP

exports[`<EditableText /> Matches snapshot 1`] = `
<div
  className="editable-text"
>
  <p
    className="editable-text__title"
  >
    test text
     
    <i
      className="fas fa-pencil-alt editable-text__icon"
    />
  </p>
</div>
`;